
====================
== NeMo Framework ==
====================

NVIDIA Release  (build 323980803)
Container image Copyright (c) 2025, NVIDIA CORPORATION & AFFILIATES. All rights reserved.
Copyright (c) 2014-2024 Facebook Inc.
Copyright (c) 2011-2014 Idiap Research Institute (Ronan Collobert)
Copyright (c) 2012-2014 Deepmind Technologies    (Koray Kavukcuoglu)
Copyright (c) 2011-2012 NEC Laboratories America (Koray Kavukcuoglu)
Copyright (c) 2011-2013 NYU                      (Clement Farabet)
Copyright (c) 2006-2010 NEC Laboratories America (Ronan Collobert, Leon Bottou, Iain Melvin, Jason Weston)
Copyright (c) 2006      Idiap Research Institute (Samy Bengio)
Copyright (c) 2001-2004 Idiap Research Institute (Ronan Collobert, Samy Bengio, Johnny Mariethoz)
Copyright (c) 2015      Google Inc.
Copyright (c) 2015      Yangqing Jia
Copyright (c) 2013-2016 The Caffe contributors
All rights reserved.

Various files include modifications (c) NVIDIA CORPORATION & AFFILIATES.  All rights reserved.

GOVERNING TERMS: The software and materials are governed by the NVIDIA Software License Agreement
(found at https://www.nvidia.com/en-us/agreements/enterprise-software/nvidia-software-license-agreement/)
and the Product-Specific Terms for NVIDIA AI Products
(found at https://www.nvidia.com/en-us/agreements/enterprise-software/product-specific-terms-for-ai-products/).

/usr/local/lib/python3.12/dist-packages/torch/cuda/__init__.py:61: FutureWarning: The pynvml package is deprecated. Please install nvidia-ml-py instead. If you did not install pynvml directly, please report this to the maintainers of the package that installed pynvml for you.
  import pynvml  # type: ignore[import]
/usr/local/lib/python3.12/dist-packages/torch/cuda/__init__.py:61: FutureWarning: The pynvml package is deprecated. Please install nvidia-ml-py instead. If you did not install pynvml directly, please report this to the maintainers of the package that installed pynvml for you.
  import pynvml  # type: ignore[import]
Multiple distributions found for package modelopt. Picked distribution: nvidia-modelopt
/opt/venv/lib/python3.12/site-packages/modelopt/torch/__init__.py:53: UserWarning: transformers>=5.0 support is experimental. Unified Hugging Face checkpoint export for quantized checkpoints may not work for some models yet.
  _warnings.warn(
/opt/Megatron-Bridge/3rdparty/Megatron-LM/megatron/core/models/mimo/config/base_configs.py:12: UserWarning: MimoModelConfig is experimental and still under active development. The API may change without notice in future releases.
  class MimoModelConfig:
Warning: You are sending unauthenticated requests to the HF Hub. Please set a HF_TOKEN to enable higher rate limits and faster downloads.
WARNING:huggingface_hub.utils._http:Warning: You are sending unauthenticated requests to the HF Hub. Please set a HF_TOKEN to enable higher rate limits and faster downloads.
`torch_dtype` is deprecated! Use `dtype` instead!
  dataset: real Megatron-indexed data at /workspace/run/datasets/c4_qwen3
/opt/Megatron-Bridge/3rdparty/Megatron-LM/megatron/core/transformer/transformer_config.py:1947: UserWarning: full scope is deprecated. Use empty cuda_graph_scope to capture the whole layer.
  warnings.warn(
INFO:megatron.bridge.training.utils.log_utils:Setting logging level to 20
ip-172-31-15-180:197:197 [0] NCCL INFO ENV/Plugin: Could not find: libnccl-env.so
ip-172-31-15-180:197:197 [0] NCCL INFO cudaDriverVersion 13020
ip-172-31-15-180:197:197 [0] NCCL INFO Bootstrap: Using ens5:172.31.15.180<0>
ip-172-31-15-180:197:197 [0] NCCL INFO NCCL version 2.29.3+cuda13.1
ip-172-31-15-180:197:197 [0] NCCL INFO NCCL git version stable dcf2a2fbe
ip-172-31-15-180:197:197 [0] NCCL INFO Comm config Blocking set to 1
ip-172-31-15-180:197:197 [0] NCCL INFO NCCL_NET_PLUGIN set by environment to ofi
ip-172-31-15-180:197:197 [0] NCCL INFO NET/Plugin: Loaded net plugin Libfabric (v11)
ip-172-31-15-180:197:197 [0] NCCL INFO Successfully loaded external network plugin /opt/amazon/aws-ofi-nccl/lib/libnccl-net-ofi.so
ip-172-31-15-180:197:197 [0] NCCL INFO NET/OFI Initializing aws-ofi-nccl 1.17.3
ip-172-31-15-180:197:197 [0] NCCL INFO NET/OFI Using Libfabric version 2.3
ip-172-31-15-180:197:197 [0] NCCL INFO NET/OFI Using CUDA driver version 13020 with runtime 13010
ip-172-31-15-180:197:197 [0] NCCL INFO NET/OFI Selected provider is efa, fabric is efa (found 1 nics)
ip-172-31-15-180:197:197 [0] NCCL INFO NET/OFI NIC group 0 device #0 0000:00:1d.0
ip-172-31-15-180:197:197 [0] NCCL INFO NET/OFI Selected provider is efa, fabric is efa (found 1 nics)
ip-172-31-15-180:197:197 [0] NCCL INFO NET/OFI Using transport protocol SENDRECV
ip-172-31-15-180:197:197 [0] NCCL INFO NET/OFI Creating one domain per process
ip-172-31-15-180:197:197 [0] NCCL INFO NET/OFI Could not disable CUDA API usage for HMEM, disabling GDR
ip-172-31-15-180:197:197 [0] NCCL INFO NET/OFI Support for global registrations: false
ip-172-31-15-180:197:197 [0] NCCL INFO NET/OFI Support for DMA-BUF registrations: false
ip-172-31-15-180:197:197 [0] NCCL INFO NET/OFI Need to force simple protocol: GDR not supported
ip-172-31-15-180:197:197 [0] NCCL INFO NET/OFI Adding NCCL_PROTO=simple to environment
ip-172-31-15-180:197:197 [0] NCCL INFO Initialized NET plugin Libfabric
ip-172-31-15-180:197:197 [0] NCCL INFO Assigned NET plugin Libfabric to comm
ip-172-31-15-180:197:197 [0] NCCL INFO Using network Libfabric
ip-172-31-15-180:197:197 [0] NCCL INFO DMA-BUF is available on GPU device 0
ip-172-31-15-180:197:197 [0] NCCL INFO [Rank 1] ncclCommInitRankConfig comm 0x56ae36a0 rank 1 nranks 2 cudaDev 0 nvmlDev 0 busId 1e0 commId 0xe3ecb2961b05fa5a - Init START
ip-172-31-15-180:197:197 [0] NCCL INFO RAS client listening socket at 127.0.0.1<28028>
ip-172-31-15-180:197:197 [0] NCCL INFO Bootstrap timings total 0.002097 (create 0.000084, send 0.000288, recv 0.000959, ring 0.000114, delay 0.000001)
ip-172-31-15-180:197:197 [0] NCCL INFO ncclTopoGetCpuAffinity: Affinity for GPU 0 is empty, ignoring. (GPU affinity =  ; CPU affinity = 0-31).
ip-172-31-15-180:197:197 [0] NCCL INFO comm 0x56ae36a0 rank 1 nRanks 2 nNodes 2 localRanks 1 localRank 0 MNNVL 0
ip-172-31-15-180:197:197 [0] NCCL INFO Trees [0] -1/-1/-1->1->0 [1] 0/-1/-1->1->-1
ip-172-31-15-180:197:197 [0] NCCL INFO P2P Chunksize set to 131072
ip-172-31-15-180:197:197 [0] NCCL INFO PROFILER/Plugin: Could not find: libnccl-profiler.so
ip-172-31-15-180:197:197 [0] NCCL INFO Check P2P Type isAllDirectP2p 1 directMode 0 isAllCudaP2p 1
ip-172-31-15-180:197:296 [0] NCCL INFO [Proxy Service] Device 0 CPU core 18
ip-172-31-15-180:197:297 [0] NCCL INFO [Proxy Service UDS] Device 0 CPU core 5
ip-172-31-15-180:197:197 [0] NCCL INFO NCCL_TUNER_PLUGIN set by environment to ofi
ip-172-31-15-180:197:197 [0] NCCL INFO TUNER/Plugin: Could not find: ofi libnccl-tuner-ofi.so
ip-172-31-15-180:197:197 [0] NCCL INFO NCCL_PROTO set by environment to simple
ip-172-31-15-180:197:197 [0] NCCL INFO threadThresholds 8/8/64 | 16/8/64 | 512 | 512
ip-172-31-15-180:197:197 [0] NCCL INFO 2 coll channels, 2 collnet channels, 0 nvls channels, 2 p2p channels, 1 p2p channels per peer
ip-172-31-15-180:197:197 [0] NCCL INFO Symmetric memory is not supported. cuMemEnable 1, ginSupport 0, globalNicFused 0
ip-172-31-15-180:197:197 [0] NCCL INFO ncclCommInitRankConfig comm 0x56ae36a0 rank 1 nranks 2 cudaDev 0 nvmlDev 0 busId 1e0 commId 0xe3ecb2961b05fa5a - Init COMPLETE
ip-172-31-15-180:197:197 [0] NCCL INFO Init timings - ncclCommInitRankConfig: rank 1 nranks 2 total 0.21 (kernels 0.15, alloc 0.05, bootstrap 0.00, allgathers 0.00, topo 0.00, graphs 0.00, connections 0.00, rest 0.00)
ip-172-31-15-180:197:298 [0] NCCL INFO [Proxy Progress] Device 0 CPU core 1
ip-172-31-15-180:197:197 [0] NCCL INFO Channel 00/0 : 0[0] -> 1[0] [receive] via NET/Libfabric/0
ip-172-31-15-180:197:197 [0] NCCL INFO Channel 01/0 : 0[0] -> 1[0] [receive] via NET/Libfabric/0
ip-172-31-15-180:197:197 [0] NCCL INFO Channel 00/0 : 1[0] -> 0[0] [send] via NET/Libfabric/0
ip-172-31-15-180:197:197 [0] NCCL INFO Channel 01/0 : 1[0] -> 0[0] [send] via NET/Libfabric/0

[2026-10-04 20:33:20] ip-172-31-15-180:197:296 [0] int cm_req_handle_error_entry(nccl_net_ofi_context_t*, fid_cq*, fi_cq_err_entry*, uint16_t):46 NCCL WARN NET/OFI Request 0x789198203820 completed with error. RC: 103. Error: 4126 (Unresponsive receiver (reachable by EFA device but handshake failed) My EFA addr: fi_addr_efa://[fe80::8ff:e2ff:fe9a:b815]:0:102020407 My host id: i-0f9e509bdf5c054bc Peer EFA addr: fi_addr_efa://[fe80::8ff:f7ff:fefc:bc43]:0:1879318055 Peer host id: N/A). Completed length: 0
ip-172-31-15-180:197:296 [0] NCCL INFO transport/net.cc:860 -> 6
ip-172-31-15-180:197:197 [0] NCCL INFO transport.cc:212 -> 6
ip-172-31-15-180:197:197 [0] NCCL INFO transport/generic.cc:27 -> 6
ip-172-31-15-180:197:197 [0] NCCL INFO group.cc:151 -> 6
ip-172-31-15-180:197:197 [0] NCCL INFO group.cc:211 -> 6
ip-172-31-15-180:197:197 [0] NCCL INFO group.cc:78 -> 6 [Async thread]

[2026-10-04 20:33:20] ip-172-31-15-180:197:296 [0] int cm_req_handle_error_entry(nccl_net_ofi_context_t*, fid_cq*, fi_cq_err_entry*, uint16_t):46 NCCL WARN NET/OFI Request 0x789198205b50 completed with error. RC: 103. Error: 4126 (Unresponsive receiver (reachable by EFA device but handshake failed) My EFA addr: fi_addr_efa://[fe80::8ff:e2ff:fe9a:b815]:0:102020407 My host id: i-0f9e509bdf5c054bc Peer EFA addr: fi_addr_efa://[fe80::8ff:f7ff:fefc:bc43]:0:1879318055 Peer host id: N/A). Completed length: 0
ip-172-31-15-180:197:296 [0] NCCL INFO transport/net.cc:1026 -> 6
ip-172-31-15-180:197:197 [0] NCCL INFO group.cc:625 -> 6
ip-172-31-15-180:197:197 [0] NCCL INFO group.cc:781 -> 6
ip-172-31-15-180:197:197 [0] NCCL INFO enqueue.cc:3014 -> 6
[rank1]: Traceback (most recent call last):
[rank1]:   File "/workspace/repo/g5/train.py", line 370, in <module>
[rank1]:     main()
[rank1]:   File "/workspace/repo/g5/train.py", line 335, in main
[rank1]:     pretrain(config=cfg, forward_step_func=forward_step)
[rank1]:   File "/opt/Megatron-Bridge/src/megatron/bridge/utils/decorators.py", line 39, in wrapper
[rank1]:     return func(*args, **kwargs)
[rank1]:            ^^^^^^^^^^^^^^^^^^^^^
[rank1]:   File "/opt/Megatron-Bridge/src/megatron/bridge/training/pretrain.py", line 98, in pretrain
[rank1]:     _pretrain(state=state, forward_step_func=forward_step_func, callback_manager=callback_manager)
[rank1]:   File "/opt/Megatron-Bridge/src/megatron/bridge/training/pretrain.py", line 128, in _pretrain
[rank1]:     setup_output = setup(state, dataset_provider, restart_store=store)
[rank1]:                    ^^^^^^^^^^^^^^^^^^^^^^^^^^^^^^^^^^^^^^^^^^^^^^^^^^^
[rank1]:   File "/opt/Megatron-Bridge/src/megatron/bridge/training/setup.py", line 142, in setup
[rank1]:     pg_collection = initialize_megatron(
[rank1]:                     ^^^^^^^^^^^^^^^^^^^^
[rank1]:   File "/opt/Megatron-Bridge/src/megatron/bridge/training/initialize.py", line 123, in initialize_megatron
[rank1]:     result = torch_dist_init(
[rank1]:              ^^^^^^^^^^^^^^^^
[rank1]:   File "/opt/Megatron-Bridge/src/megatron/bridge/training/initialize.py", line 229, in torch_dist_init
[rank1]:     pg_collection = finish_mpu_init()
[rank1]:                     ^^^^^^^^^^^^^^^^^
[rank1]:   File "/opt/Megatron-Bridge/src/megatron/bridge/training/initialize.py", line 189, in finish_mpu_init
[rank1]:     pg_collection = _initialize_distributed(
[rank1]:                     ^^^^^^^^^^^^^^^^^^^^^^^^
[rank1]:   File "/opt/Megatron-Bridge/src/megatron/bridge/training/initialize.py", line 648, in _initialize_distributed
[rank1]:     torch.distributed.barrier(device_ids=[get_local_rank_preinit()])
[rank1]:   File "/usr/local/lib/python3.12/dist-packages/torch/distributed/c10d_logger.py", line 83, in wrapper
[rank1]:     return func(*args, **kwargs)
[rank1]:            ^^^^^^^^^^^^^^^^^^^^^
[rank1]:   File "/usr/local/lib/python3.12/dist-packages/torch/distributed/distributed_c10d.py", line 4968, in barrier
[rank1]:     work = group.barrier(opts=opts)
[rank1]:            ^^^^^^^^^^^^^^^^^^^^^^^^
[rank1]: torch.distributed.DistBackendError: NCCL error in: /opt/pytorch/pytorch/torch/csrc/distributed/c10d/ProcessGroupNCCL.cpp:3770, remote process exited or there was a network error, NCCL version 2.29.3
[rank1]: ncclRemoteError: A call failed possibly due to a network error or a remote process exiting prematurely.
[rank1]: Last error:
[rank1]: NET/OFI Request 0x789198205b50 completed with error. RC: 103. Error: 4126 (Unresponsive receiver (reachable by EFA device but handshake failed) My EFA addr: fi_addr_efa://[fe80::8ff:e2ff:fe9a:b815]:0:102020407 My host id: i-0f9e509bdf5c054bc Peer EFA addr: fi_addr_efa://[fe80::8ff:f7ff:fefc:bc43]:0:1879318055 Peer host id: N/A). Completed length: 0
[rank1]:[W1004 20:33:21.565868992 ProcessGroupNCCL.cpp:1569] Warning: WARNING: destroy_process_group() was not called before program exit, which can leak resources. For more info, please see https://pytorch.org/docs/stable/distributed.html#shutdown (function operator())
ip-172-31-15-180:197:299 [0] NCCL INFO comm 0x56ae36a0 rank 1 nRanks 2 cudaDev 0 busId 1e0 - Abort START

[2026-10-04 20:33:21] ip-172-31-15-180:197:296 [0] proxy.cc:1714 NCCL WARN [Service thread] Error encountered progressing operation=Connect, res=3, closing connection

[2026-10-04 20:33:21] ip-172-31-15-180:197:296 [0] ncclResult_t nccl_net_ofi_closeRecv_v2(void*):886 NCCL WARN NET/OFI Invalid communicator object provided
ip-172-31-15-180:197:296 [0] NCCL INFO transport/net.cc:1210 -> 3
ip-172-31-15-180:197:296 [0] NCCL INFO proxy.cc:1090 -> 3
ip-172-31-15-180:197:296 [0] NCCL INFO proxy.cc:1102 -> 3
ip-172-31-15-180:197:299 [0] NCCL INFO misc/socket.cc:27 -> 3
ip-172-31-15-180:197:299 [0] NCCL INFO misc/socket.cc:44 -> 3
ip-172-31-15-180:197:299 [0] NCCL INFO misc/socket.cc:583 -> 3
ip-172-31-15-180:197:299 [0] NCCL INFO comm 0x56ae36a0 rank 1 nranks 2 cudaDev 0 busId 1e0 - Abort COMPLETE
ip-172-31-15-180:197:299 [0] NCCL INFO Unloading plugin ofi
ip-172-31-15-180:197:197 [0] NCCL INFO ENV/Plugin: Closing env plugin ncclEnvDefault
E1004 20:33:23.229000 1 torch/distributed/elastic/multiprocessing/api.py:984] failed (exitcode: 1) local_rank: 0 (pid: 197) of binary: /opt/venv/bin/python3
Traceback (most recent call last):
  File "/usr/local/bin/torchrun", line 6, in <module>
    sys.exit(main())
             ^^^^^^
  File "/usr/local/lib/python3.12/dist-packages/torch/distributed/elastic/multiprocessing/errors/__init__.py", line 362, in wrapper
    return f(*args, **kwargs)
           ^^^^^^^^^^^^^^^^^^
  File "/usr/local/lib/python3.12/dist-packages/torch/distributed/run.py", line 990, in main
    run(args)
  File "/usr/local/lib/python3.12/dist-packages/torch/distributed/run.py", line 981, in run
    elastic_launch(
  File "/usr/local/lib/python3.12/dist-packages/torch/distributed/launcher/api.py", line 170, in __call__
    return launch_agent(self._config, self._entrypoint, list(args))
           ^^^^^^^^^^^^^^^^^^^^^^^^^^^^^^^^^^^^^^^^^^^^^^^^^^^^^^^^
  File "/usr/local/lib/python3.12/dist-packages/torch/distributed/launcher/api.py", line 317, in launch_agent
    raise ChildFailedError(
torch.distributed.elastic.multiprocessing.errors.ChildFailedError: 
============================================================
/workspace/repo/g5/train.py FAILED
------------------------------------------------------------
Failures:
  <NO_OTHER_FAILURES>
------------------------------------------------------------
Root Cause (first observed failure):
[0]:
  time      : 2026-10-04_20:33:23
  host      : ip-172-31-15-180.us-west-2.compute.internal
  rank      : 1 (local_rank: 0)
  exitcode  : 1 (pid: 197)
  error_file: <N/A>
  traceback : To enable traceback see: https://pytorch.org/docs/stable/elastic/errors.html
============================================================
